Using database sessions to avoid Redis conflicts during sync operations
============================================================
TESTING RFI UPLOAD AND VIEW FILES
============================================================
User: benvisagie
Client: SUPERSPAR - City Centre
Date: 2025-09-26
Group ID: SUPERSPAR - City Centre_20250926

Uploading RFI: TEST_RFI_20251001_003904.pdf
Upload request - Group ID: 'SUPERSPAR - City Centre_20250926', Inspection ID: 'None', Document Type: 'rfi'
Group ID type: <class 'str'>, Inspection ID type: <class 'NoneType'>
Group ID length: 32, Inspection ID length: None
POST data keys: ['group_id', 'document_type']
All POST data: {'group_id': ['SUPERSPAR - City Centre_20250926'], 'document_type': ['rfi']}
[UPLOAD] Found original client name from database: 'SUPERSPAR - City Centre'
Created folder structure: D:\2025\Legal-System-2025-06-16-main\Legal-System-2025-06-16-main\media\inspection\2025\September\SUPERSPAR - City Centre\rfi
Client: SUPERSPAR - City Centre -> SUPERSPAR - City Centre
Year: 2025, Month: September
Document type: rfi
Generated filename: SUPERSPAR - City Centre_20250926_rfi_20251001_003907.pdf
[UPLOAD] Cleared cache for: local_files:SUPERSPAR - City Centre:2025:September
DEBUG: Parsing group_id: SUPERSPAR - City Centre_20250926
DEBUG: Client name from group: SUPERSPAR - City Centre
DEBUG: Date object: 2025-09-26
DEBUG: Found 37 inspections for date 2025-09-26
DEBUG: Found 6 matching inspections for 'SUPERSPAR - City Centre'
DEBUG: Updated RFI tracking for 6 inspections
Updated upload tracking for 6 inspections in group SUPERSPAR - City Centre_20250926
Cleared cache key: shipment_list_17_inspector
Cleared cache key: filter_options
Cleared cache key: inspection_files_cache
Cleared cache key: page_clients_status_cache
Cleared cache key: file_status_SUPERSPAR - City Centre_2025-09-26
Cleared cache key: local_files:SUPERSPAR - City Centre:2025:October
Cleared cache key: files_cache_SUPERSPAR - City Centre_2025-09-26
Cleared ALL relevant caches after group upload
ERROR: 'charmap' codec can't encode character '\U0001f4c1' in position 0: character maps to <undefined>
